// Jest Snapshot v1, https://goo.gl/fbAQLP

exports[`snapshot testing 1`] = `
Object {
  "asFragment": [Function],
  "baseElement": <body>
    <div>
      <div
        class="App"
      >
        <p>
          First React Test Case
        </p>
        <p>
          Hello
        </p>
        <input
          id="userId"
          name="username"
          placeholder="Enter User name"
          type="text"
          value=""
        />
        <br />
        <br />
        <img
          alt="nature"
          src="https://images.unsplash.com/photo-1518791841217-8f162f1e1131"
          style="height: 200px; width: 400px;"
          title="Cat img"
        />
        <button>
          Update Data
        </button>
        <h1 />
      </div>
    </div>
  </body>,
  "container": <div>
    <div
      class="App"
    >
      <p>
        First React Test Case
      </p>
      <p>
        Hello
      </p>
      <input
        id="userId"
        name="username"
        placeholder="Enter User name"
        type="text"
        value=""
      />
      <br />
      <br />
      <img
        alt="nature"
        src="https://images.unsplash.com/photo-1518791841217-8f162f1e1131"
        style="height: 200px; width: 400px;"
        title="Cat img"
      />
      <button>
        Update Data
      </button>
      <h1 />
    </div>
  </div>,
  "debug": [Function],
  "findAllByAltText": [Function],
  "findAllByDisplayValue": [Function],
  "findAllByLabelText": [Function],
  "findAllByPlaceholderText": [Function],
  "findAllByRole": [Function],
  "findAllByTestId": [Function],
  "findAllByText": [Function],
  "findAllByTitle": [Function],
  "findByAltText": [Function],
  "findByDisplayValue": [Function],
  "findByLabelText": [Function],
  "findByPlaceholderText": [Function],
  "findByRole": [Function],
  "findByTestId": [Function],
  "findByText": [Function],
  "findByTitle": [Function],
  "getAllByAltText": [Function],
  "getAllByDisplayValue": [Function],
  "getAllByLabelText": [Function],
  "getAllByPlaceholderText": [Function],
  "getAllByRole": [Function],
  "getAllByTestId": [Function],
  "getAllByText": [Function],
  "getAllByTitle": [Function],
  "getByAltText": [Function],
  "getByDisplayValue": [Function],
  "getByLabelText": [Function],
  "getByPlaceholderText": [Function],
  "getByRole": [Function],
  "getByTestId": [Function],
  "getByText": [Function],
  "getByTitle": [Function],
  "queryAllByAltText": [Function],
  "queryAllByDisplayValue": [Function],
  "queryAllByLabelText": [Function],
  "queryAllByPlaceholderText": [Function],
  "queryAllByRole": [Function],
  "queryAllByTestId": [Function],
  "queryAllByText": [Function],
  "queryAllByTitle": [Function],
  "queryByAltText": [Function],
  "queryByDisplayValue": [Function],
  "queryByLabelText": [Function],
  "queryByPlaceholderText": [Function],
  "queryByRole": [Function],
  "queryByTestId": [Function],
  "queryByText": [Function],
  "queryByTitle": [Function],
  "rerender": [Function],
  "unmount": [Function],
}
`;
